test/testData/parser/negative/expressions/assignOp.c:5:15: warning: incompatible integer to pointer conversion assigning to 'signed int' from '*signed int'
test/testData/parser/negative/expressions/assignOp.c:5:16: warning: incompatible integer to pointer conversion assigning to 'signed int' from '*float'
test/testData/parser/negative/expressions/assignOp.c:5:17: warning: incompatible integer to pointer conversion assigning to 'signed int' from 'signed int[20]'
test/testData/parser/negative/expressions/assignOp.c:5:19: warning: incompatible integer to pointer conversion assigning to 'signed int' from '*STRUCT S'
test/testData/parser/negative/expressions/assignOp.c:6:27: warning: incompatible integer to pointer conversion assigning to '*signed int' from 'signed int'
test/testData/parser/negative/expressions/assignOp.c:6:30: warning: incompatible pointer types assigning to '*signed int' from '*float'
test/testData/parser/negative/expressions/assignOp.c:6:33: warning: incompatible pointer types assigning to '*signed int' from '*STRUCT S'
test/testData/parser/negative/expressions/assignOp.c:6:34: warning: incompatible integer to pointer conversion assigning to '*float' from 'signed int'
test/testData/parser/negative/expressions/assignOp.c:6:36: warning: incompatible pointer types assigning to '*float' from '*signed int'
test/testData/parser/negative/expressions/assignOp.c:6:38: warning: incompatible pointer types assigning to '*float' from 'signed int[20]'
test/testData/parser/negative/expressions/assignOp.c:6:40: warning: incompatible pointer types assigning to '*float' from '*STRUCT S'
test/testData/parser/negative/expressions/assignOp.c:6:55: warning: incompatible integer to pointer conversion assigning to '*STRUCT S' from 'signed int'
test/testData/parser/negative/expressions/assignOp.c:6:57: warning: incompatible pointer types assigning to '*STRUCT S' from '*signed int'
test/testData/parser/negative/expressions/assignOp.c:6:58: warning: incompatible pointer types assigning to '*STRUCT S' from '*float'
test/testData/parser/negative/expressions/assignOp.c:6:59: warning: incompatible pointer types assigning to '*STRUCT S' from 'signed int[20]'
test/testData/parser/negative/expressions/assignOp.c:5:68: warning: incompatible integer to pointer conversion assigning to 'signed int' from '*signed int'
test/testData/parser/negative/expressions/assignOp.c:5:69: warning: incompatible integer to pointer conversion assigning to 'signed int' from '*float'
test/testData/parser/negative/expressions/assignOp.c:5:70: warning: incompatible integer to pointer conversion assigning to 'signed int' from '*signed int'
test/testData/parser/negative/expressions/assignOp.c:5:72: warning: incompatible integer to pointer conversion assigning to 'signed int' from '*STRUCT S'
test/testData/parser/negative/expressions/assignOp.c:5:121: warning: incompatible integer to pointer conversion assigning to 'signed int' from '*signed int'
test/testData/parser/negative/expressions/assignOp.c:5:122: warning: incompatible integer to pointer conversion assigning to 'signed int' from '*float'
test/testData/parser/negative/expressions/assignOp.c:5:123: warning: incompatible integer to pointer conversion assigning to 'signed int' from '*signed int'
test/testData/parser/negative/expressions/assignOp.c:5:125: warning: incompatible integer to pointer conversion assigning to 'signed int' from '*STRUCT S'
test/testData/parser/negative/expressions/assignOp.c:6:135: warning: incompatible integer to pointer conversion assigning to '*signed int' from 'signed long'
test/testData/parser/negative/expressions/assignOp.c:6:136: warning: incompatible integer to pointer conversion assigning to '*signed int' from 'signed long'
test/testData/parser/negative/expressions/assignOp.c:6:137: warning: incompatible integer to pointer conversion assigning to '*signed int' from 'signed long'
test/testData/parser/negative/expressions/assignOp.c:6:139: warning: incompatible integer to pointer conversion assigning to '*signed int' from 'signed long'
test/testData/parser/negative/expressions/assignOp.c:6:142: warning: incompatible integer to pointer conversion assigning to '*float' from 'signed long'
test/testData/parser/negative/expressions/assignOp.c:6:143: warning: incompatible integer to pointer conversion assigning to '*float' from 'signed long'
test/testData/parser/negative/expressions/assignOp.c:6:144: warning: incompatible integer to pointer conversion assigning to '*float' from 'signed long'
test/testData/parser/negative/expressions/assignOp.c:6:146: warning: incompatible integer to pointer conversion assigning to '*float' from 'signed long'
test/testData/parser/negative/expressions/assignOp.c:6:163: warning: incompatible integer to pointer conversion assigning to '*STRUCT S' from 'signed long'
test/testData/parser/negative/expressions/assignOp.c:6:164: warning: incompatible integer to pointer conversion assigning to '*STRUCT S' from 'signed long'
test/testData/parser/negative/expressions/assignOp.c:6:165: warning: incompatible integer to pointer conversion assigning to '*STRUCT S' from 'signed long'
test/testData/parser/negative/expressions/assignOp.c:6:167: warning: incompatible integer to pointer conversion assigning to '*STRUCT S' from 'signed long'
