test/testData/parser/negative/expressions/ternaryOp.c:10:15: warning: pointer/integer type mismatch in conditional expression ('signed int' and '*signed int')
test/testData/parser/negative/expressions/ternaryOp.c:10:16: warning: pointer/integer type mismatch in conditional expression ('signed int' and '*float')
test/testData/parser/negative/expressions/ternaryOp.c:10:17: warning: pointer/integer type mismatch in conditional expression ('signed int' and 'signed int[20]')
test/testData/parser/negative/expressions/ternaryOp.c:10:19: warning: pointer/integer type mismatch in conditional expression ('signed int' and '*STRUCT S')
test/testData/parser/negative/expressions/ternaryOp.c:10:27: warning: pointer/integer type mismatch in conditional expression ('*signed int' and 'signed int')
test/testData/parser/negative/expressions/ternaryOp.c:10:30: warning: pointer type mismatch ('*signed int' and '*float')
test/testData/parser/negative/expressions/ternaryOp.c:10:33: warning: pointer type mismatch ('*signed int' and '*STRUCT S')
test/testData/parser/negative/expressions/ternaryOp.c:10:34: warning: pointer/integer type mismatch in conditional expression ('*float' and 'signed int')
test/testData/parser/negative/expressions/ternaryOp.c:10:36: warning: pointer type mismatch ('*float' and '*signed int')
test/testData/parser/negative/expressions/ternaryOp.c:10:38: warning: pointer type mismatch ('*float' and 'signed int[20]')
test/testData/parser/negative/expressions/ternaryOp.c:10:40: warning: pointer type mismatch ('*float' and '*STRUCT S')
test/testData/parser/negative/expressions/ternaryOp.c:10:41: warning: pointer/integer type mismatch in conditional expression ('signed int[20]' and 'signed int')
test/testData/parser/negative/expressions/ternaryOp.c:10:44: warning: pointer type mismatch ('signed int[20]' and '*float')
test/testData/parser/negative/expressions/ternaryOp.c:10:47: warning: pointer type mismatch ('signed int[20]' and '*STRUCT S')
test/testData/parser/negative/expressions/ternaryOp.c:10:55: warning: pointer/integer type mismatch in conditional expression ('*STRUCT S' and 'signed int')
test/testData/parser/negative/expressions/ternaryOp.c:10:57: warning: pointer type mismatch ('*STRUCT S' and '*signed int')
test/testData/parser/negative/expressions/ternaryOp.c:10:58: warning: pointer type mismatch ('*STRUCT S' and '*float')
test/testData/parser/negative/expressions/ternaryOp.c:10:59: warning: pointer type mismatch ('*STRUCT S' and 'signed int[20]')
