test/testData/parser/negative/expressions/unassignableArgs.c:7:15: warning: incompatible integer to pointer conversion assigning to '*signed int' from 'signed int'
test/testData/parser/negative/expressions/unassignableArgs.c:10:15: warning: incompatible integer to pointer conversion assigning to '*signed int' from 'signed int'
test/testData/parser/negative/expressions/unassignableArgs.c:7:19: warning: incompatible pointer types assigning to '*signed int' from '*float'
test/testData/parser/negative/expressions/unassignableArgs.c:11:19: warning: incompatible pointer types assigning to '*signed int' from '*float'
test/testData/parser/negative/expressions/unassignableArgs.c:7:23: warning: incompatible pointer types assigning to '*signed int' from '*STRUCT S1'
test/testData/parser/negative/expressions/unassignableArgs.c:12:23: warning: incompatible pointer types assigning to '*signed int' from '*STRUCT S1'
test/testData/parser/negative/expressions/unassignableArgs.c:7:24: warning: incompatible pointer types assigning to '*signed int' from '*STRUCT S2'
test/testData/parser/negative/expressions/unassignableArgs.c:12:24: warning: incompatible pointer types assigning to '*signed int' from '*STRUCT S2'
