test/testData/parser/negative/expressions/unassignabeTypes.c:5:24: warning: incompatible integer to pointer conversion assigning to 'signed int' from 'signed int[20]'
test/testData/parser/negative/expressions/unassignabeTypes.c:5:27: warning: incompatible integer to pointer conversion assigning to 'signed int' from '*signed int'
test/testData/parser/negative/expressions/unassignabeTypes.c:5:28: warning: incompatible integer to pointer conversion assigning to 'signed int' from '*float'
test/testData/parser/negative/expressions/unassignabeTypes.c:5:29: warning: incompatible integer to pointer conversion assigning to 'signed int' from '*STRUCT S1'
test/testData/parser/negative/expressions/unassignabeTypes.c:5:30: warning: incompatible integer to pointer conversion assigning to 'signed int' from '*STRUCT S2'
test/testData/parser/negative/expressions/unassignabeTypes.c:6:72: warning: incompatible integer to pointer conversion assigning to '*signed int' from 'signed int'
test/testData/parser/negative/expressions/unassignabeTypes.c:6:78: warning: incompatible pointer types assigning to '*signed int' from '*float'
test/testData/parser/negative/expressions/unassignabeTypes.c:6:79: warning: incompatible pointer types assigning to '*signed int' from '*STRUCT S1'
test/testData/parser/negative/expressions/unassignabeTypes.c:6:80: warning: incompatible pointer types assigning to '*signed int' from '*STRUCT S2'
test/testData/parser/negative/expressions/unassignabeTypes.c:6:82: warning: incompatible integer to pointer conversion assigning to '*float' from 'signed int'
test/testData/parser/negative/expressions/unassignabeTypes.c:6:84: warning: incompatible pointer types assigning to '*float' from 'signed int[20]'
test/testData/parser/negative/expressions/unassignabeTypes.c:6:87: warning: incompatible pointer types assigning to '*float' from '*signed int'
test/testData/parser/negative/expressions/unassignabeTypes.c:6:89: warning: incompatible pointer types assigning to '*float' from '*STRUCT S1'
test/testData/parser/negative/expressions/unassignabeTypes.c:6:90: warning: incompatible pointer types assigning to '*float' from '*STRUCT S2'
test/testData/parser/negative/expressions/unassignabeTypes.c:7:92: warning: incompatible integer to pointer conversion assigning to '*STRUCT S1' from 'signed int'
test/testData/parser/negative/expressions/unassignabeTypes.c:7:94: warning: incompatible pointer types assigning to '*STRUCT S1' from 'signed int[20]'
test/testData/parser/negative/expressions/unassignabeTypes.c:7:97: warning: incompatible pointer types assigning to '*STRUCT S1' from '*signed int'
test/testData/parser/negative/expressions/unassignabeTypes.c:7:98: warning: incompatible pointer types assigning to '*STRUCT S1' from '*float'
test/testData/parser/negative/expressions/unassignabeTypes.c:7:100: warning: incompatible pointer types assigning to '*STRUCT S1' from '*STRUCT S2'
test/testData/parser/negative/expressions/unassignabeTypes.c:7:102: warning: incompatible integer to pointer conversion assigning to '*STRUCT S2' from 'signed int'
test/testData/parser/negative/expressions/unassignabeTypes.c:7:104: warning: incompatible pointer types assigning to '*STRUCT S2' from 'signed int[20]'
test/testData/parser/negative/expressions/unassignabeTypes.c:7:107: warning: incompatible pointer types assigning to '*STRUCT S2' from '*signed int'
test/testData/parser/negative/expressions/unassignabeTypes.c:7:108: warning: incompatible pointer types assigning to '*STRUCT S2' from '*float'
test/testData/parser/negative/expressions/unassignabeTypes.c:7:109: warning: incompatible pointer types assigning to '*STRUCT S2' from '*STRUCT S1'
