test/testData/parser/negative/incorrectDeclaration2.c:1:2: warning: type specifier missing, defaults to 'int'
test/testData/parser/negative/incorrectDeclaration2.c:1:2: warning: declaration does not declare anything
