test/testData/parser/negative/incorrectDeclaration1.c:6:2: warning: declaration does not declare anything
